scripts/check_perez_marzo.ts(10,49): error TS2339: Property 'name' does not exist on type '{ name: any; }[]'.
scripts/check_perez_marzo.ts(10,88): error TS2339: Property 'name' does not exist on type '{ name: any; }[]'.
scripts/seed_febrero.ts(30,11): error TS7034: Variable 'turnos' implicitly has type 'any[]' in some locations where its type cannot be determined.
scripts/seed_febrero.ts(31,11): error TS7034: Variable 'transacciones' implicitly has type 'any[]' in some locations where its type cannot be determined.
scripts/seed_febrero.ts(114,76): error TS7005: Variable 'turnos' implicitly has an 'any[]' type.
scripts/seed_febrero.ts(118,75): error TS7005: Variable 'transacciones' implicitly has an 'any[]' type.
src/features/patients/components/PatientSelect.tsx(124,17): error TS2322: Type '{ open: boolean; onOpenChange: Dispatch<SetStateAction<boolean>>; isPending: boolean; onSubmit: (data: any) => void; }' is not assignable to type 'IntrinsicAttributes & PatientFormProps'.
  Property 'isPending' does not exist on type 'IntrinsicAttributes & PatientFormProps'.
src/features/patients/components/PatientSelect.tsx(125,28): error TS7006: Parameter 'data' implicitly has an 'any' type.
src/utils/supabase/middleware.ts(17,24): error TS7006: Parameter 'cookiesToSet' implicitly has an 'any' type.
src/utils/supabase/middleware.ts(18,45): error TS7031: Binding element 'name' implicitly has an 'any' type.
src/utils/supabase/middleware.ts(18,51): error TS7031: Binding element 'value' implicitly has an 'any' type.
src/utils/supabase/middleware.ts(18,58): error TS7031: Binding element 'options' implicitly has an 'any' type.
src/utils/supabase/middleware.ts(18,92): error TS2345: Argument of type '[any, any, Partial<SerializeOptions>]' is not assignable to parameter of type '[key: string, value: string] | [options: RequestCookie]'.
  Type '[any, any, Partial<SerializeOptions>]' is not assignable to type '[key: string, value: string]'.
    Source has 3 element(s) but target allows only 2.
src/utils/supabase/middleware.ts(22,45): error TS7031: Binding element 'name' implicitly has an 'any' type.
src/utils/supabase/middleware.ts(22,51): error TS7031: Binding element 'value' implicitly has an 'any' type.
src/utils/supabase/middleware.ts(22,58): error TS7031: Binding element 'options' implicitly has an 'any' type.
src/utils/supabase/server.ts(15,24): error TS7006: Parameter 'cookiesToSet' implicitly has an 'any' type.
src/utils/supabase/server.ts(17,49): error TS7031: Binding element 'name' implicitly has an 'any' type.
src/utils/supabase/server.ts(17,55): error TS7031: Binding element 'value' implicitly has an 'any' type.
src/utils/supabase/server.ts(17,62): error TS7031: Binding element 'options' implicitly has an 'any' type.
